[0m09:22:27.919546 [debug] [MainThread]: Sending event: {'category': 'dbt', 'action': 'invocation', 'label': 'start', 'context': [<snowplow_tracker.self_describing_json.SelfDescribingJson object at 0x000001C5394D6190>, <snowplow_tracker.self_describing_json.SelfDescribingJson object at 0x000001C5392C2510>, <snowplow_tracker.self_describing_json.SelfDescribingJson object at 0x000001C5394FAB50>]}


============================== 09:22:27.930331 | 274e52c3-7928-4a08-ad82-666264fbe0eb ==============================
[0m09:22:27.930331 [info ] [MainThread]: Running with dbt=1.9.1
[0m09:22:27.931331 [debug] [MainThread]: running dbt with arguments {'printer_width': '80', 'indirect_selection': 'eager', 'write_json': 'True', 'log_cache_events': 'False', 'partial_parse': 'True', 'cache_selected_only': 'False', 'profiles_dir': 'C:\\Users\\lhgar\\.dbt', 'fail_fast': 'False', 'version_check': 'True', 'log_path': 'logs', 'debug': 'False', 'warn_error': 'None', 'use_colors': 'True', 'use_experimental_parser': 'False', 'no_print': 'None', 'quiet': 'False', 'empty': 'None', 'log_format': 'default', 'introspect': 'True', 'static_parser': 'True', 'invocation_command': 'dbt init', 'target_path': 'None', 'warn_error_options': 'WarnErrorOptions(include=[], exclude=[])', 'send_anonymous_usage_stats': 'True'}
[0m09:22:32.408879 [debug] [MainThread]: Starter project path: C:\Users\lhgar\Downloads\elt-project\dbt-env\Lib\site-packages\dbt\include\starter_project
[0m09:22:32.421396 [info ] [MainThread]: 
Your new dbt project "postgres_transformations" was created!

For more information on how to configure the profiles.yml file,
please consult the dbt documentation here:

  https://docs.getdbt.com/docs/configure-your-profile

One more thing:

Need help? Don't hesitate to reach out to us via GitHub issues or on Slack:

  https://community.getdbt.com/

Happy modeling!

[0m09:22:32.422438 [info ] [MainThread]: Setting up your profile.
[0m09:23:40.567004 [info ] [MainThread]: Profile postgres_transformations written to C:\Users\lhgar\.dbt\profiles.yml using target's profile_template.yml and your supplied values. Run 'dbt debug' to validate the connection.
[0m09:23:40.568008 [debug] [MainThread]: Command `dbt init` succeeded at 09:23:40.568008 after 72.72 seconds
[0m09:23:40.569006 [debug] [MainThread]: Sending event: {'category': 'dbt', 'action': 'invocation', 'label': 'end', 'context': [<snowplow_tracker.self_describing_json.SelfDescribingJson object at 0x000001C532F1ED50>, <snowplow_tracker.self_describing_json.SelfDescribingJson object at 0x000001C532F29590>, <snowplow_tracker.self_describing_json.SelfDescribingJson object at 0x000001C5393A2090>]}
[0m09:23:40.569006 [debug] [MainThread]: Flushing usage events
[0m09:23:40.956215 [debug] [MainThread]: An error was encountered while trying to flush usage events
